Peak Analysis Report             30/12/2021 10:01:16               Page  1


**************************************************************************
*****           P E A K    A N A L Y S I S    R E P O R T            *****
**************************************************************************

     Detector Name:  MP2_MCA1                        
     Sample Title:   tpr_185p                                          
     Peak Analysis Performed on:  30/12/2021 10:01:16   
               Peak Analysis From Channel:      1
               Peak Analysis To Channel:     4096

   Peak  ROI  ROI    Peak    Energy   FWHM  Net Peak  Net Area  Continuum 
    No. start end  centroid   (keV)   (keV)  Area     Uncert.    Counts 

F   1    15-   26    23.37    16.19   0.89  3.60E+003   65.39   5.03E+002 
 M  2   988- 1009   992.14   508.13   1.58  6.14E+002   39.30   8.68E+002 
 m  3   988- 1009   997.65   510.93   2.34  2.19E+003   51.31   1.61E+003 
F   4  1075- 1087  1081.74   553.74   1.37  1.81E+002   26.33   1.14E+003 
F   5  1096- 1109  1101.63   563.86   1.51  4.07E+002   29.03   1.05E+003 
F   6  2071- 2096  2082.68  1064.32   2.80  7.78E+002   34.72   1.86E+003 
F   7  2671- 2684  2678.06  1369.04   1.89  6.77E+002   35.35   1.40E+003 
F   8  2853- 2865  2858.52  1461.55   1.76  3.23E+002   22.81   4.62E+002 
F   9  3067- 3099  3083.65  1577.05   2.14  6.79E+004  236.69   3.86E+002 

M = First peak in a multiplet region
m = Other peak in a multiplet region
F = Fitted singlet

Errors quoted at  1.000 sigma
